INFO    : Building target web
INFO    : XSL conversion of D:\DOCUMENTOS\JACOBIAN BOOK\new-pretext-project\source\main.ptx by C:\Users\Javier\.ptx\2.38.1\core\xsl\utilities\pretext-enhanced-source.xsl
INFO    : successful application of C:\Users\Javier\.ptx\2.38.1\core\xsl\utilities\pretext-enhanced-source.xsl
INFO    : Generating any needed assets.
INFO    : Finished generating assets.

INFO    : Preparing to build into D:\DOCUMENTOS\JACOBIAN BOOK\new-pretext-project\output\web.
WARNING : Node.js must be installed to build CSS files.  Please install node.js and npm.
 Will try to use prebuilt CSS files instead.
WARNING : Cannot find npm.  Will try to use prebuilt CSS files instead.
WARNING : Unable to install npm packages to build css files.  Non-default CSS themes require node.js and npm to be installed.  See https://pretextbook.org/doc/guide/html/node-and-npm.html
WARNING : 
INFO    : discovering source file's directory name: D:\DOCUMENTOS\JACOBIAN BOOK\new-pretext-project\source
INFO    : verifying and expanding input directory: D:\DOCUMENTOS\JACOBIAN BOOK\new-pretext-project\source\../generated-assets
INFO    : input directory expanded to absolute path: D:\DOCUMENTOS\JACOBIAN BOOK\new-pretext-project\generated-assets
INFO    : verifying and expanding input directory: D:\DOCUMENTOS\JACOBIAN BOOK\new-pretext-project\source\../assets
INFO    : input directory expanded to absolute path: D:\DOCUMENTOS\JACOBIAN BOOK\new-pretext-project\assets
INFO    : discovering source file's directory name: D:\DOCUMENTOS\JACOBIAN BOOK\new-pretext-project\source
INFO    : XSL conversion of D:\DOCUMENTOS\JACOBIAN BOOK\new-pretext-project\source\main.ptx by C:\Users\Javier\.ptx\2.38.1\core\xsl\utilities\report-publisher-variables.xsl
INFO    : successful application of C:\Users\Javier\.ptx\2.38.1\core\xsl\utilities\report-publisher-variables.xsl
INFO    : Downloading rs services file from https://runestone.academy/cdn/runestone/latest/webpack_static_imports.xml.
INFO    : Runestone Services via online CDN query: version 7.13.5
INFO    : Downloading Runestone Services, version 7.13.5
INFO    : Extracting Runestone Services from archive file
INFO    : Node.js not available. Relying on prebuilt default-modern.
INFO    : Using prebuilt CSS theme: default-modern with options: {'options': {'primary-color': '#195684', 'secondary-color': '#932c1c'}, 'contrast-checks': {'primary-color': '#fff', 'secondary-color': '#fff', 'primary-color-dark': '#23241f'}}
INFO    : converting D:\DOCUMENTOS\JACOBIAN BOOK\new-pretext-project\source\main.ptx to HTML in C:\Users\Javier\AppData\Local\Temp\ptx-n9wxli35
INFO    : XSL conversion of D:\DOCUMENTOS\JACOBIAN BOOK\new-pretext-project\source\main.ptx by C:\Users\Javier\.ptx\2.38.1\core\xsl\pretext-html.xsl
INFO    : messages from the log for XSL processing:
WARNING : * PTX:WARNING: In a section containing subsections, any content that is not inside a subsection needs to be inside an <introduction> and/or  <conclusion>.
INFO    : *              located within: "sec-1-3" (xml:id), "Plane Jacobian conjecture and small examples" (title)
INFO    : * PTX:INFO:   checking all deprecated elements.
ERROR   : * PTX:ERROR:   a cross-reference ("xref") uses references [defino1_1] that do not point to any target, or perhaps point to multiple targets.  Maybe you typed an @xml:id value wrong, maybe the target of the @xml:id is nonexistent, or maybe you temporarily removed the target from your source, or maybe an auxiliary file contains a duplicate.  Your output will contain some placeholder text that you will not want to distribute to your readers.
INFO    : *              located within: "chapter-1" (xml:id), "Basic geometry in \mathbb{N}_0 \times \mathbb{N}_0" (title)
ERROR   : * PTX:ERROR:   a cross-reference ("xref") uses references [defino1_2] that do not point to any target, or perhaps point to multiple targets.  Maybe you typed an @xml:id value wrong, maybe the target of the @xml:id is nonexistent, or maybe you temporarily removed the target from your source, or maybe an auxiliary file contains a duplicate.  Your output will contain some placeholder text that you will not want to distribute to your readers.
INFO    : *              located within: "chapter-1" (xml:id), "Basic geometry in \mathbb{N}_0 \times \mathbb{N}_0" (title)
ERROR   : * PTX:ERROR:   a cross-reference ("xref") uses references [defino1_3] that do not point to any target, or perhaps point to multiple targets.  Maybe you typed an @xml:id value wrong, maybe the target of the @xml:id is nonexistent, or maybe you temporarily removed the target from your source, or maybe an auxiliary file contains a duplicate.  Your output will contain some placeholder text that you will not want to distribute to your readers.
INFO    : *              located within: "chapter-1" (xml:id), "Basic geometry in \mathbb{N}_0 \times \mathbb{N}_0" (title)
ERROR   : * PTX:ERROR:   a cross-reference ("xref") uses references [defino1_4] that do not point to any target, or perhaps point to multiple targets.  Maybe you typed an @xml:id value wrong, maybe the target of the @xml:id is nonexistent, or maybe you temporarily removed the target from your source, or maybe an auxiliary file contains a duplicate.  Your output will contain some placeholder text that you will not want to distribute to your readers.
INFO    : *              located within: "chapter-1" (xml:id), "Basic geometry in \mathbb{N}_0 \times \mathbb{N}_0" (title)
ERROR   : * PTX:ERROR:   a cross-reference ("xref") uses references [defino1_5] that do not point to any target, or perhaps point to multiple targets.  Maybe you typed an @xml:id value wrong, maybe the target of the @xml:id is nonexistent, or maybe you temporarily removed the target from your source, or maybe an auxiliary file contains a duplicate.  Your output will contain some placeholder text that you will not want to distribute to your readers.
INFO    : *              located within: "chapter-1" (xml:id), "Basic geometry in \mathbb{N}_0 \times \mathbb{N}_0" (title)
INFO    : successful application of C:\Users\Javier\.ptx\2.38.1\core\xsl\pretext-html.xsl
INFO    : Removing temporary directory C:\Users\Javier\AppData\Local\Temp\ptx-n9wxli35
INFO    : Removing temporary directory C:\Users\Javier\AppData\Local\Temp\ptx-qskdqt99
INFO    : 
Finished build for target web. Run `pretext view web` to see the results.

CRITICAL: There were errors during the build.  See above.
INFO    : ------------------------
CRITICAL: Failed to build without errors.  Exiting...
INFO    : 
----------------------------------------------------
INFO    : While running pretext, the following errors occurred:

INFO    : (see log messages above or in the 'logs' folder for more information)
INFO    : ----------------------------------------------------
